This is pdfTeX, Version 3.141592653-2.6-1.40.22 (TeX Live 2022/dev/Debian) (preloaded format=pdflatex 2026.4.12)  16 APR 2026 20:52
entering extended mode
 restricted \write18 enabled.
 %&-line parsing enabled.
**paper.tex
(./paper.tex
LaTeX2e <2021-11-15> patch level 1
L3 programming layer <2022-01-21>
(/usr/share/texlive/texmf-dist/tex/latex/base/article.cls
Document Class: article 2021/10/04 v1.4n Standard LaTeX document class
(/usr/share/texlive/texmf-dist/tex/latex/base/size10.clo
File: size10.clo 2021/10/04 v1.4n Standard LaTeX file (size option)
)
\c@part=\count185
\c@section=\count186
\c@subsection=\count187
\c@subsubsection=\count188
\c@paragraph=\count189
\c@subparagraph=\count190
\c@figure=\count191
\c@table=\count192
\abovecaptionskip=\skip47
\belowcaptionskip=\skip48
\bibindent=\dimen138
)
(/usr/share/texlive/texmf-dist/tex/latex/microtype/microtype.sty
Package: microtype 2021/12/10 v3.0b Micro-typographical refinements (RS)

(/usr/share/texlive/texmf-dist/tex/latex/graphics/keyval.sty
Package: keyval 2014/10/28 v1.15 key=value parser (DPC)
\KV@toks@=\toks16
)
(/usr/share/texlive/texmf-dist/tex/latex/etoolbox/etoolbox.sty
Package: etoolbox 2020/10/05 v2.5k e-TeX tools for LaTeX (JAW)
\etb@tempcnta=\count193
)
\MT@toks=\toks17
\MT@count=\count194
\MT@tempbox=\box50
LaTeX Info: Redefining \leftprotrusion on input line 1010.
LaTeX Info: Redefining \rightprotrusion on input line 1018.
LaTeX Info: Redefining \textls on input line 1173.
\MT@outer@kern=\dimen139
LaTeX Info: Redefining \textmicrotypecontext on input line 1759.
\MT@listname@count=\count195

(/usr/share/texlive/texmf-dist/tex/latex/microtype/microtype-pdftex.def
File: microtype-pdftex.def 2021/12/10 v3.0b Definitions specific to pdftex (RS)

LaTeX Info: Redefining \lsstyle on input line 897.
LaTeX Info: Redefining \lslig on input line 897.
\MT@outer@space=\skip49
)
Package microtype Info: Loading configuration file microtype.cfg.

(/usr/share/texlive/texmf-dist/tex/latex/microtype/microtype.cfg
File: microtype.cfg 2021/12/10 v3.0b microtype main configuration file (RS)
))
(/usr/share/texlive/texmf-dist/tex/latex/graphics/graphicx.sty
Package: graphicx 2021/09/16 v1.2d Enhanced LaTeX Graphics (DPC,SPQR)

(/usr/share/texlive/texmf-dist/tex/latex/graphics/graphics.sty
Package: graphics 2021/03/04 v1.4d Standard LaTeX Graphics (DPC,SPQR)

(/usr/share/texlive/texmf-dist/tex/latex/graphics/trig.sty
Package: trig 2021/08/11 v1.11 sin cos tan (DPC)
)
(/usr/share/texlive/texmf-dist/tex/latex/graphics-cfg/graphics.cfg
File: graphics.cfg 2016/06/04 v1.11 sample graphics configuration
)
Package graphics Info: Driver file: pdftex.def on input line 107.

(/usr/share/texlive/texmf-dist/tex/latex/graphics-def/pdftex.def
File: pdftex.def 2020/10/05 v1.2a Graphics/color driver for pdftex
))
\Gin@req@height=\dimen140
\Gin@req@width=\dimen141
)
(/usr/share/texlive/texmf-dist/tex/latex/subfigure/subfigure.sty
Package: subfigure 2002/03/15 v2.1.5 subfigure package
\subfigtopskip=\skip50
\subfigcapskip=\skip51
\subfigcaptopadj=\dimen142
\subfigbottomskip=\skip52
\subfigcapmargin=\dimen143
\subfiglabelskip=\skip53
\c@subfigure=\count196
\c@lofdepth=\count197
\c@subtable=\count198
\c@lotdepth=\count199

****************************************
* Local config file subfigure.cfg used *
****************************************
(/usr/share/texlive/texmf-dist/tex/latex/subfigure/subfigure.cfg)
\subfig@top=\skip54
\subfig@bottom=\skip55
)
(/usr/share/texlive/texmf-dist/tex/latex/booktabs/booktabs.sty
Package: booktabs 2020/01/12 v1.61803398 Publication quality tables
\heavyrulewidth=\dimen144
\lightrulewidth=\dimen145
\cmidrulewidth=\dimen146
\belowrulesep=\dimen147
\belowbottomsep=\dimen148
\aboverulesep=\dimen149
\abovetopsep=\dimen150
\cmidrulesep=\dimen151
\cmidrulekern=\dimen152
\defaultaddspace=\dimen153
\@cmidla=\count266
\@cmidlb=\count267
\@aboverulesep=\dimen154
\@belowrulesep=\dimen155
\@thisruleclass=\count268
\@lastruleclass=\count269
\@thisrulewidth=\dimen156
)
(/usr/share/texlive/texmf-dist/tex/latex/hyperref/hyperref.sty
Package: hyperref 2021-06-07 v7.00m Hypertext links for LaTeX

(/usr/share/texlive/texmf-dist/tex/generic/ltxcmds/ltxcmds.sty
Package: ltxcmds 2020-05-10 v1.25 LaTeX kernel commands for general use (HO)
)
(/usr/share/texlive/texmf-dist/tex/generic/iftex/iftex.sty
Package: iftex 2020/03/06 v1.0d TeX engine tests
)
(/usr/share/texlive/texmf-dist/tex/generic/pdftexcmds/pdftexcmds.sty
Package: pdftexcmds 2020-06-27 v0.33 Utility functions of pdfTeX for LuaTeX (HO
)

(/usr/share/texlive/texmf-dist/tex/generic/infwarerr/infwarerr.sty
Package: infwarerr 2019/12/03 v1.5 Providing info/warning/error messages (HO)
)
Package pdftexcmds Info: \pdf@primitive is available.
Package pdftexcmds Info: \pdf@ifprimitive is available.
Package pdftexcmds Info: \pdfdraftmode found.
)
(/usr/share/texlive/texmf-dist/tex/generic/kvsetkeys/kvsetkeys.sty
Package: kvsetkeys 2019/12/15 v1.18 Key value parser (HO)
)
(/usr/share/texlive/texmf-dist/tex/generic/kvdefinekeys/kvdefinekeys.sty
Package: kvdefinekeys 2019-12-19 v1.6 Define keys (HO)
)
(/usr/share/texlive/texmf-dist/tex/generic/pdfescape/pdfescape.sty
Package: pdfescape 2019/12/09 v1.15 Implements pdfTeX's escape features (HO)
)
(/usr/share/texlive/texmf-dist/tex/latex/hycolor/hycolor.sty
Package: hycolor 2020-01-27 v1.10 Color options for hyperref/bookmark (HO)
)
(/usr/share/texlive/texmf-dist/tex/latex/letltxmacro/letltxmacro.sty
Package: letltxmacro 2019/12/03 v1.6 Let assignment for LaTeX macros (HO)
)
(/usr/share/texlive/texmf-dist/tex/latex/auxhook/auxhook.sty
Package: auxhook 2019-12-17 v1.6 Hooks for auxiliary files (HO)
)
(/usr/share/texlive/texmf-dist/tex/latex/kvoptions/kvoptions.sty
Package: kvoptions 2020-10-07 v3.14 Key value format for package options (HO)
)
\@linkdim=\dimen157
\Hy@linkcounter=\count270
\Hy@pagecounter=\count271

(/usr/share/texlive/texmf-dist/tex/latex/hyperref/pd1enc.def
File: pd1enc.def 2021-06-07 v7.00m Hyperref: PDFDocEncoding definition (HO)
Now handling font encoding PD1 ...
... no UTF-8 mapping file for font encoding PD1
)
(/usr/share/texlive/texmf-dist/tex/latex/hyperref/hyperref-langpatches.def
File: hyperref-langpatches.def 2021-06-07 v7.00m Hyperref: patches for babel la
nguages
)
(/usr/share/texlive/texmf-dist/tex/generic/intcalc/intcalc.sty
Package: intcalc 2019/12/15 v1.3 Expandable calculations with integers (HO)
)
(/usr/share/texlive/texmf-dist/tex/generic/etexcmds/etexcmds.sty
Package: etexcmds 2019/12/15 v1.7 Avoid name clashes with e-TeX commands (HO)
)
\Hy@SavedSpaceFactor=\count272

(/usr/share/texlive/texmf-dist/tex/latex/hyperref/puenc.def
File: puenc.def 2021-06-07 v7.00m Hyperref: PDF Unicode definition (HO)
Now handling font encoding PU ...
... no UTF-8 mapping file for font encoding PU
)
Package hyperref Info: Hyper figures OFF on input line 4192.
Package hyperref Info: Link nesting OFF on input line 4197.
Package hyperref Info: Hyper index ON on input line 4200.
Package hyperref Info: Plain pages OFF on input line 4207.
Package hyperref Info: Backreferencing OFF on input line 4212.
Package hyperref Info: Implicit mode ON; LaTeX internals redefined.
Package hyperref Info: Bookmarks ON on input line 4445.
\c@Hy@tempcnt=\count273

(/usr/share/texlive/texmf-dist/tex/latex/url/url.sty
\Urlmuskip=\muskip16
Package: url 2013/09/16  ver 3.4  Verb mode for urls, etc.
)
LaTeX Info: Redefining \url on input line 4804.
\XeTeXLinkMargin=\dimen158

(/usr/share/texlive/texmf-dist/tex/generic/bitset/bitset.sty
Package: bitset 2019/12/09 v1.3 Handle bit-vector datatype (HO)

(/usr/share/texlive/texmf-dist/tex/generic/bigintcalc/bigintcalc.sty
Package: bigintcalc 2019/12/15 v1.5 Expandable calculations on big integers (HO
)
))
\Fld@menulength=\count274
\Field@Width=\dimen159
\Fld@charsize=\dimen160
Package hyperref Info: Hyper figures OFF on input line 6076.
Package hyperref Info: Link nesting OFF on input line 6081.
Package hyperref Info: Hyper index ON on input line 6084.
Package hyperref Info: backreferencing OFF on input line 6091.
Package hyperref Info: Link coloring OFF on input line 6096.
Package hyperref Info: Link coloring with OCG OFF on input line 6101.
Package hyperref Info: PDF/A mode OFF on input line 6106.
LaTeX Info: Redefining \ref on input line 6146.
LaTeX Info: Redefining \pageref on input line 6150.

(/usr/share/texlive/texmf-dist/tex/latex/base/atbegshi-ltx.sty
Package: atbegshi-ltx 2021/01/10 v1.0c Emulation of the original atbegshi
package with kernel methods
)
\Hy@abspage=\count275
\c@Item=\count276
\c@Hfootnote=\count277
)
Package hyperref Info: Driver (autodetected): hpdftex.

(/usr/share/texlive/texmf-dist/tex/latex/hyperref/hpdftex.def
File: hpdftex.def 2021-06-07 v7.00m Hyperref driver for pdfTeX

(/usr/share/texlive/texmf-dist/tex/latex/base/atveryend-ltx.sty
Package: atveryend-ltx 2020/08/19 v1.0a Emulation of the original atveryend pac
kage
with kernel methods
)
\Fld@listcount=\count278
\c@bookmark@seq@number=\count279

(/usr/share/texlive/texmf-dist/tex/latex/rerunfilecheck/rerunfilecheck.sty
Package: rerunfilecheck 2019/12/05 v1.9 Rerun checks for auxiliary files (HO)

(/usr/share/texlive/texmf-dist/tex/generic/uniquecounter/uniquecounter.sty
Package: uniquecounter 2019/12/15 v1.4 Provide unlimited unique counter (HO)
)
Package uniquecounter Info: New unique counter `rerunfilecheck' on input line 2
86.
)
\Hy@SectionHShift=\skip56
)
(/usr/share/texlive/texmf-dist/tex/latex/amsmath/amsmath.sty
Package: amsmath 2021/10/15 v2.17l AMS math features
\@mathmargin=\skip57

For additional information on amsmath, use the `?' option.
(/usr/share/texlive/texmf-dist/tex/latex/amsmath/amstext.sty
Package: amstext 2021/08/26 v2.01 AMS text

(/usr/share/texlive/texmf-dist/tex/latex/amsmath/amsgen.sty
File: amsgen.sty 1999/11/30 v2.0 generic functions
\@emptytoks=\toks18
\ex@=\dimen161
))
(/usr/share/texlive/texmf-dist/tex/latex/amsmath/amsbsy.sty
Package: amsbsy 1999/11/29 v1.2d Bold Symbols
\pmbraise@=\dimen162
)
(/usr/share/texlive/texmf-dist/tex/latex/amsmath/amsopn.sty
Package: amsopn 2021/08/26 v2.02 operator names
)
\inf@bad=\count280
LaTeX Info: Redefining \frac on input line 234.
\uproot@=\count281
\leftroot@=\count282
LaTeX Info: Redefining \overline on input line 399.
\classnum@=\count283
\DOTSCASE@=\count284
LaTeX Info: Redefining \ldots on input line 496.
LaTeX Info: Redefining \dots on input line 499.
LaTeX Info: Redefining \cdots on input line 620.
\Mathstrutbox@=\box51
\strutbox@=\box52
\big@size=\dimen163
LaTeX Font Info:    Redeclaring font encoding OML on input line 743.
LaTeX Font Info:    Redeclaring font encoding OMS on input line 744.
\macc@depth=\count285
\c@MaxMatrixCols=\count286
\dotsspace@=\muskip17
\c@parentequation=\count287
\dspbrk@lvl=\count288
\tag@help=\toks19
\row@=\count289
\column@=\count290
\maxfields@=\count291
\andhelp@=\toks20
\eqnshift@=\dimen164
\alignsep@=\dimen165
\tagshift@=\dimen166
\tagwidth@=\dimen167
\totwidth@=\dimen168
\lineht@=\dimen169
\@envbody=\toks21
\multlinegap=\skip58
\multlinetaggap=\skip59
\mathdisplay@stack=\toks22
LaTeX Info: Redefining \[ on input line 2938.
LaTeX Info: Redefining \] on input line 2939.
)
(/usr/share/texlive/texmf-dist/tex/latex/amsfonts/amssymb.sty
Package: amssymb 2013/01/14 v3.01 AMS font symbols

(/usr/share/texlive/texmf-dist/tex/latex/amsfonts/amsfonts.sty
Package: amsfonts 2013/01/14 v3.01 Basic AMSFonts support
\symAMSa=\mathgroup4
\symAMSb=\mathgroup5
LaTeX Font Info:    Redeclaring math symbol \hbar on input line 98.
LaTeX Font Info:    Overwriting math alphabet `\mathfrak' in version `bold'
(Font)                  U/euf/m/n --> U/euf/b/n on input line 106.
))
(/usr/share/texlive/texmf-dist/tex/latex/mathtools/mathtools.sty
Package: mathtools 2021/02/02 v1.28 mathematical typesetting tools

(/usr/share/texlive/texmf-dist/tex/latex/tools/calc.sty
Package: calc 2017/05/25 v4.3 Infix arithmetic (KKT,FJ)
\calc@Acount=\count292
\calc@Bcount=\count293
\calc@Adimen=\dimen170
\calc@Bdimen=\dimen171
\calc@Askip=\skip60
\calc@Bskip=\skip61
LaTeX Info: Redefining \setlength on input line 80.
LaTeX Info: Redefining \addtolength on input line 81.
\calc@Ccount=\count294
\calc@Cskip=\skip62
)
(/usr/share/texlive/texmf-dist/tex/latex/mathtools/mhsetup.sty
Package: mhsetup 2021/03/18 v1.4 programming setup (MH)
)
\g_MT_multlinerow_int=\count295
\l_MT_multwidth_dim=\dimen172
\origjot=\skip63
\l_MT_shortvdotswithinadjustabove_dim=\dimen173
\l_MT_shortvdotswithinadjustbelow_dim=\dimen174
\l_MT_above_intertext_sep=\dimen175
\l_MT_below_intertext_sep=\dimen176
\l_MT_above_shortintertext_sep=\dimen177
\l_MT_below_shortintertext_sep=\dimen178
\xmathstrut@box=\box53
\xmathstrut@dim=\dimen179
)
(/usr/share/texlive/texmf-dist/tex/latex/enumitem/enumitem.sty
Package: enumitem 2019/06/20 v3.9 Customized lists
\labelindent=\skip64
\enit@outerparindent=\dimen180
\enit@toks=\toks23
\enit@inbox=\box54
\enit@count@id=\count296
\enitdp@description=\count297
) (./icml2025.sty
Package: icml2025 2023/11/23 v2.0 ICML Conference Style File
(/usr/share/texlive/texmf-dist/tex/latex/psnfss/times.sty
Package: times 2020/03/25 PSNFSS-v9.3 (SPQR) 
) (./fancyhdr.sty
\fancy@headwidth=\skip65
\f@ncyO@elh=\skip66
\f@ncyO@erh=\skip67
\f@ncyO@olh=\skip68
\f@ncyO@orh=\skip69
\f@ncyO@elf=\skip70
\f@ncyO@erf=\skip71
\f@ncyO@olf=\skip72
\f@ncyO@orf=\skip73
)
(/usr/share/texlive/texmf-dist/tex/latex/xcolor/xcolor.sty
Package: xcolor 2021/10/31 v2.13 LaTeX color extensions (UK)

(/usr/share/texlive/texmf-dist/tex/latex/graphics-cfg/color.cfg
File: color.cfg 2016/01/02 v1.6 sample color configuration
)
Package xcolor Info: Driver file: pdftex.def on input line 227.
Package xcolor Info: Model `cmy' substituted by `cmy0' on input line 1352.
Package xcolor Info: Model `hsb' substituted by `rgb' on input line 1356.
Package xcolor Info: Model `RGB' extended on input line 1368.
Package xcolor Info: Model `HTML' substituted by `rgb' on input line 1370.
Package xcolor Info: Model `Hsb' substituted by `hsb' on input line 1371.
Package xcolor Info: Model `tHsb' substituted by `hsb' on input line 1372.
Package xcolor Info: Model `HSB' substituted by `hsb' on input line 1373.
Package xcolor Info: Model `Gray' substituted by `gray' on input line 1374.
Package xcolor Info: Model `wave' substituted by `hsb' on input line 1375.
)
(./algorithm.sty
Package: algorithm 

Document Style `algorithm' - floating environment
(/usr/share/texlive/texmf-dist/tex/latex/float/float.sty
Package: float 2001/11/08 v1.3d Float enhancements (AL)
\c@float@type=\count298
\float@exts=\toks24
\float@box=\box55
\@float@everytoks=\toks25
\@floatcapt=\box56
)
(/usr/share/texlive/texmf-dist/tex/latex/base/ifthen.sty
Package: ifthen 2020/11/24 v1.1c Standard LaTeX ifthen package (DPC)
)
\@float@every@algorithm=\toks26
\c@algorithm=\count299
) (./algorithmic.sty
Package: algorithmic 

Document Style `algorithmic' - environment
\c@ALC@line=\count300
\c@ALC@rem=\count301
\ALC@tlm=\skip74
) (/usr/share/texlive/texmf-dist/tex/latex/natbib/natbib.sty
Package: natbib 2010/09/13 8.31b (PWD, AO)
\bibhang=\skip75
\bibsep=\skip76
LaTeX Info: Redefining \cite on input line 694.
\c@NAT@ctr=\count302
)
(/usr/share/texlive/texmf-dist/tex/latex/eso-pic/eso-pic.sty
Package: eso-pic 2020/10/14 v3.0a eso-pic (RN)
\ESO@tempdima=\dimen181
\ESO@tempdimb=\dimen182
)
(/usr/share/texlive/texmf-dist/tex/latex/forloop/forloop.sty
Package: forloop 2006/09/18 v3.0 For Loops for LaTeX
)
Package hyperref Info: Option `colorlinks' set `true' on input line 153.
\titrun=\box57
\c@@affiliationcounter=\count303
\c@@affilnum=\count304
\newcaptionbox=\box58
\newcaptionboxwid=\dimen183
\icmlrulerbox=\box59
\icmlrulercount=\count305
\icmlruleroffset=\dimen184
\cv@lineheight=\dimen185
\cv@boxheight=\dimen186
\cv@tmpbox=\box60
\cv@refno=\count306
\cv@tot=\count307
\cv@tmpc@=\count308
\cv@tmpc=\count309
)
LaTeX Font Info:    Trying to load font information for OT1+ptm on input line 1
9.

(/usr/share/texlive/texmf-dist/tex/latex/psnfss/ot1ptm.fd
File: ot1ptm.fd 2001/06/04 font definitions for OT1/ptm.
)
(/usr/share/texlive/texmf-dist/tex/latex/l3backend/l3backend-pdftex.def
File: l3backend-pdftex.def 2022-01-12 L3 backend support: PDF output (pdfTeX)
\l__color_backend_stack_int=\count310
\l__pdf_internal_box=\box61
)
(./paper.aux)
\openout1 = `paper.aux'.

LaTeX Font Info:    Checking defaults for OML/cmm/m/it on input line 19.
LaTeX Font Info:    ... okay on input line 19.
LaTeX Font Info:    Checking defaults for OMS/cmsy/m/n on input line 19.
LaTeX Font Info:    ... okay on input line 19.
LaTeX Font Info:    Checking defaults for OT1/cmr/m/n on input line 19.
LaTeX Font Info:    ... okay on input line 19.
LaTeX Font Info:    Checking defaults for T1/cmr/m/n on input line 19.
LaTeX Font Info:    ... okay on input line 19.
LaTeX Font Info:    Checking defaults for TS1/cmr/m/n on input line 19.
LaTeX Font Info:    ... okay on input line 19.
LaTeX Font Info:    Checking defaults for OMX/cmex/m/n on input line 19.
LaTeX Font Info:    ... okay on input line 19.
LaTeX Font Info:    Checking defaults for U/cmr/m/n on input line 19.
LaTeX Font Info:    ... okay on input line 19.
LaTeX Font Info:    Checking defaults for PD1/pdf/m/n on input line 19.
LaTeX Font Info:    ... okay on input line 19.
LaTeX Font Info:    Checking defaults for PU/pdf/m/n on input line 19.
LaTeX Font Info:    ... okay on input line 19.
LaTeX Info: Redefining \microtypecontext on input line 19.
Package microtype Info: Applying patch `item' on input line 19.
Package microtype Info: Applying patch `toc' on input line 19.
Package microtype Info: Applying patch `eqnum' on input line 19.
Package microtype Info: Applying patch `footnote' on input line 19.
Package microtype Info: Generating PDF output.
Package microtype Info: Character protrusion enabled (level 2).
Package microtype Info: Using default protrusion set `alltext'.
Package microtype Info: Automatic font expansion enabled (level 2),
(microtype)             stretch: 20, shrink: 20, step: 1, non-selected.
Package microtype Info: Using default expansion set `alltext-nott'.
LaTeX Info: Redefining \showhyphens on input line 19.
Package microtype Info: No adjustment of tracking.
Package microtype Info: No adjustment of interword spacing.
Package microtype Info: No adjustment of character kerning.
 (/usr/share/texlive/texmf-dist/tex/latex/microtype/mt-ptm.cfg
File: mt-ptm.cfg 2006/04/20 v1.7 microtype config. file: Times (RS)
)
(/usr/share/texlive/texmf-dist/tex/context/base/mkii/supp-pdf.mkii
[Loading MPS to PDF converter (version 2006.09.02).]
\scratchcounter=\count311
\scratchdimen=\dimen187
\scratchbox=\box62
\nofMPsegments=\count312
\nofMParguments=\count313
\everyMPshowfont=\toks27
\MPscratchCnt=\count314
\MPscratchDim=\dimen188
\MPnumerator=\count315
\makeMPintoPDFobject=\count316
\everyMPtoPDFconversion=\toks28
) (/usr/share/texlive/texmf-dist/tex/latex/epstopdf-pkg/epstopdf-base.sty
Package: epstopdf-base 2020-01-24 v2.11 Base part for package epstopdf

(/usr/share/texlive/texmf-dist/tex/latex/grfext/grfext.sty
Package: grfext 2019/12/03 v1.3 Manage graphics extensions (HO)
)
Package epstopdf-base Info: Redefining graphics rule for `.eps' on input line 4
85.
Package grfext Info: Graphics extension search list:
(grfext)             [.pdf,.png,.jpg,.mps,.jpeg,.jbig2,.jb2,.PDF,.PNG,.JPG,.JPE
G,.JBIG2,.JB2,.eps]
(grfext)             \AppendGraphicsExtensions on input line 504.

(/usr/share/texlive/texmf-dist/tex/latex/latexconfig/epstopdf-sys.cfg
File: epstopdf-sys.cfg 2010/07/13 v1.3 Configuration of (r)epstopdf for TeX Liv
e
))
Package hyperref Info: Link coloring ON on input line 19.

(/usr/share/texlive/texmf-dist/tex/latex/hyperref/nameref.sty
Package: nameref 2021-04-02 v2.47 Cross-referencing by name of section

(/usr/share/texlive/texmf-dist/tex/latex/refcount/refcount.sty
Package: refcount 2019/12/15 v3.6 Data extraction from label references (HO)
)
(/usr/share/texlive/texmf-dist/tex/generic/gettitlestring/gettitlestring.sty
Package: gettitlestring 2019/12/15 v1.6 Cleanup title references (HO)
)
\c@section@level=\count317
)
LaTeX Info: Redefining \ref on input line 19.
LaTeX Info: Redefining \pageref on input line 19.
LaTeX Info: Redefining \nameref on input line 19.

(./paper.out) (./paper.out)
\@outlinefile=\write3
\openout3 = `paper.out'.



Package hyperref Warning: Token not allowed in a PDF string (Unicode):
(hyperref)                removing `\\' on input line 36.

\c@@affilmipt=\count318
(/usr/share/texlive/texmf-dist/tex/latex/microtype/mt-cmr.cfg
File: mt-cmr.cfg 2013/05/19 v2.2 microtype config. file: Computer Modern Roman 
(RS)
)
LaTeX Font Info:    Trying to load font information for U+msa on input line 36.


(/usr/share/texlive/texmf-dist/tex/latex/amsfonts/umsa.fd
File: umsa.fd 2013/01/14 v3.01 AMS symbols A
)
(/usr/share/texlive/texmf-dist/tex/latex/microtype/mt-msa.cfg
File: mt-msa.cfg 2006/02/04 v1.1 microtype config. file: AMS symbols (a) (RS)
)
LaTeX Font Info:    Trying to load font information for U+msb on input line 36.


(/usr/share/texlive/texmf-dist/tex/latex/amsfonts/umsb.fd
File: umsb.fd 2013/01/14 v3.01 AMS symbols B
)
(/usr/share/texlive/texmf-dist/tex/latex/microtype/mt-msb.cfg
File: mt-msb.cfg 2005/06/01 v1.0 microtype config. file: AMS symbols (b) (RS)
)
LaTeX Font Info:    Trying to load font information for OT1+pcr on input line 4
4.

(/usr/share/texlive/texmf-dist/tex/latex/psnfss/ot1pcr.fd
File: ot1pcr.fd 2001/06/04 font definitions for OT1/pcr.
)
Package microtype Info: Loading generic protrusion settings for font family
(microtype)             `pcr' (encoding: OT1).
(microtype)             For optimal results, create family-specific settings.
(microtype)             See the microtype manual for details.

Underfull \hbox (badness 2302) in paragraph at lines 39--48
\OT1/ptm/m/n/10 (+20) fer fun-da-men-tally in the ob-jec-tive used to
 []


Underfull \hbox (badness 1158) in paragraph at lines 39--48
\OT1/ptm/m/n/10 (+20) shape their la-tent rep-re-sen-ta-tion: gen-er-a-tive
 []


Underfull \hbox (badness 2564) in paragraph at lines 39--48
\OT1/ptm/m/n/10 (+20) agents re-con-struct ob-ser-va-tions, while task-
 []


Underfull \hbox (badness 3579) in paragraph at lines 39--48
\OT1/ptm/m/n/10 (+20) difference losses. This work im-ple-ments
 []


Underfull \hbox (badness 1721) in paragraph at lines 39--48
\OT1/ptm/m/n/10 (+20) and com-pares a DreamerV3-style Re-cur-rent
 []


Underfull \hbox (badness 3179) in paragraph at lines 39--48
\OT1/pcr/m/n/10 cartpole[]swingup\OT1/ptm/m/n/10 (+20) , and \OT1/pcr/m/n/10 wa
lker[]walk\OT1/ptm/m/n/10 (+20) ),
 []


Underfull \vbox (badness 1264) has occurred while \output is active []


Underfull \vbox (badness 10000) has occurred while \output is active []

 [1{/var/lib/texmf/fonts/map/pdftex/updmap/pdftex.map}



]
Overfull \hbox (35.5151pt too wide) in paragraph at lines 178--189
 [] 
 []


Underfull \hbox (badness 10000) in paragraph at lines 211--213
[]\OT1/ptm/m/n/10 (+20) A la-tent dy-nam-ics model pre-dicts $\OML/cmm/m/it/10 
z[] \OT1/cmr/m/n/10 =
 []


Underfull \hbox (badness 1845) in paragraph at lines 211--213
[]\OT1/cmr/m/n/10 ([]([\OML/cmm/m/it/10 z[]\OT1/cmr/m/n/10 ; \OML/cmm/m/it/10 a
[]\OT1/cmr/m/n/10 ]))$\OT1/ptm/m/n/10 (+20) . A 2-ensemble Q-network
 []


Overfull \hbox (32.91423pt too wide) in paragraph at lines 223--234
 [] 
 []

[2pdfTeX warning (ext4): destination with the same identifier (name{table.1}) h
as been already used, duplicate ignored
<argument> ...shipout:D \box_use:N \l_shipout_box 
                                                  \__shipout_drop_firstpage_...
l.253 
      pdfTeX warning (ext4): destination with the same identifier (name{table.2
}) has been already used, duplicate ignored
<argument> ...shipout:D \box_use:N \l_shipout_box 
                                                  \__shipout_drop_firstpage_...
l.253 
      ]
LaTeX Font Info:    Trying to load font information for TS1+ptm on input line 2
56.
 (/usr/share/texlive/texmf-dist/tex/latex/psnfss/ts1ptm.fd
File: ts1ptm.fd 2001/06/04 font definitions for TS1/ptm.
)
Underfull \hbox (badness 1622) in paragraph at lines 260--262
[]\OT1/ptm/b/n/10 (+20) DMControl walker[]walk \OT1/ptm/m/n/10 (+20) ([][]Tun-y
a-su-vu-nakool et al.[][],
 []

<../analysis_v2/aggregated/maniskill_LiftCube-v0/learning_curves.png, id=90, 49
5.7722pt x 351.2322pt>
File: ../analysis_v2/aggregated/maniskill_LiftCube-v0/learning_curves.png Graph
ic file (type png)
<use ../analysis_v2/aggregated/maniskill_LiftCube-v0/learning_curves.png>
Package pdftex.def Info: ../analysis_v2/aggregated/maniskill_LiftCube-v0/learni
ng_curves.png  used on input line 275.
(pdftex.def)             Requested size: 234.8775pt x 166.39755pt.
<../figures_v2/asymptotic_performance.png, id=92, 1067.187pt x 352.1958pt>
File: ../figures_v2/asymptotic_performance.png Graphic file (type png)
<use ../figures_v2/asymptotic_performance.png>
Package pdftex.def Info: ../figures_v2/asymptotic_performance.png  used on inpu
t line 288.
(pdftex.def)             Requested size: 234.8775pt x 77.51555pt.

Underfull \vbox (badness 10000) has occurred while \output is active []

<../analysis_v2/aggregated/maniskill_LiftCube-v0/kl_utilization.png, id=95, 856
.6404pt x 356.532pt>
File: ../analysis_v2/aggregated/maniskill_LiftCube-v0/kl_utilization.png Graphi
c file (type png)
<use ../analysis_v2/aggregated/maniskill_LiftCube-v0/kl_utilization.png>
Package pdftex.def Info: ../analysis_v2/aggregated/maniskill_LiftCube-v0/kl_uti
lization.png  used on input line 332.
(pdftex.def)             Requested size: 234.8775pt x 97.75554pt.
 [3pdfTeX warning (ext4): destination with the same identifier (name{figure.1})
 has been already used, duplicate ignored
<argument> ...shipout:D \box_use:N \l_shipout_box 
                                                  \__shipout_drop_firstpage_...
l.360 
      pdfTeX warning (ext4): destination with the same identifier (name{table.3
}) has been already used, duplicate ignored
<argument> ...shipout:D \box_use:N \l_shipout_box 
                                                  \__shipout_drop_firstpage_...
l.360 
      pdfTeX warning (ext4): destination with the same identifier (name{figure.
2}) has been already used, duplicate ignored
<argument> ...shipout:D \box_use:N \l_shipout_box 
                                                  \__shipout_drop_firstpage_...
l.360 
      pdfTeX warning (ext4): destination with the same identifier (name{figure.
3}) has been already used, duplicate ignored
<argument> ...shipout:D \box_use:N \l_shipout_box 
                                                  \__shipout_drop_firstpage_...
l.360 
       <../analysis_v2/aggregated/maniskill_LiftCube-v0/learning_curves.png> <.
./figures_v2/asymptotic_performance.png> <../analysis_v2/aggregated/maniskill_L
iftCube-v0/kl_utilization.png>]
Underfull \hbox (badness 1533) in paragraph at lines 361--371
[]\OT1/ptm/m/n/10 (+20) The col-lapse is likely driven by the free-bits mech-
 []


Underfull \hbox (badness 2111) in paragraph at lines 361--371
\OT1/ptm/m/n/10 (+20) a-nism in-ter-act-ing with the lim-ited up-date fre-quenc
y
 []


Underfull \hbox (badness 4518) in paragraph at lines 372--383
[]\OT1/ptm/b/n/10 (+20) Implicit agent health. \OT1/ptm/m/n/10 (+20) The im-pli
cit agent does
 []


Underfull \hbox (badness 2359) in paragraph at lines 372--383
\OT1/ptm/m/n/10 (+20) not suf-fer from an equiv-a-lent col-lapse. The Sim-
 []


Underfull \hbox (badness 1237) in paragraph at lines 372--383
\OT1/ptm/m/n/10 (+20) and the con-sis-tency loss main-tains a sta-ble one-step
 []


Underfull \hbox (badness 2932) in paragraph at lines 372--383
\OT1/ptm/m/n/10 (+20) pre-dic-tion er-ror (\OT1/pcr/m/n/10 consistency[]t0$\OMS
/cmsy/m/n/10 ^^Y \OT1/cmr/m/n/10 1\OML/cmm/m/it/10 :\OT1/cmr/m/n/10 0 \OMS/cmsy
/m/n/10 ^^B \OT1/cmr/m/n/10 10[]$\OT1/ptm/m/n/10 (+20) )
 []


Underfull \hbox (badness 2103) in paragraph at lines 372--383
\OT1/ptm/m/n/10 (+20) through-out train-ing. The hori-zon degra-da-tion ra-tio
 []

<../analysis_v2/aggregated/maniskill_LiftCube-v0/r2_evolution.png, id=119, 499.
1448pt x 351.2322pt>
File: ../analysis_v2/aggregated/maniskill_LiftCube-v0/r2_evolution.png Graphic 
file (type png)
<use ../analysis_v2/aggregated/maniskill_LiftCube-v0/r2_evolution.png>
Package pdftex.def Info: ../analysis_v2/aggregated/maniskill_LiftCube-v0/r2_evo
lution.png  used on input line 437.
(pdftex.def)             Requested size: 234.8775pt x 165.2721pt.
<../analysis_v2/aggregated/maniskill_LiftCube-v0/geometry_evolution.png, id=120
, 927.9468pt x 356.532pt>
File: ../analysis_v2/aggregated/maniskill_LiftCube-v0/geometry_evolution.png Gr
aphic file (type png)
<use ../analysis_v2/aggregated/maniskill_LiftCube-v0/geometry_evolution.png>
Package pdftex.def Info: ../analysis_v2/aggregated/maniskill_LiftCube-v0/geomet
ry_evolution.png  used on input line 452.
(pdftex.def)             Requested size: 234.8775pt x 90.24258pt.

Underfull \hbox (badness 10000) in paragraph at lines 457--457
[][][]\OT1/ptm/m/n/9 (+20) Latent ge-om-e-try over 20 snap-shot steps on
 []


Underfull \vbox (badness 10000) has occurred while \output is active []

 [4pdfTeX warning (ext4): destination with the same identifier (name{table.4}) 
has been already used, duplicate ignored
<argument> ...shipout:D \box_use:N \l_shipout_box 
                                                  \__shipout_drop_firstpage_...
l.475 \end{itemize}
                   pdfTeX warning (ext4): destination with the same identifier 
(name{figure.4}) has been already used, duplicate ignored
<argument> ...shipout:D \box_use:N \l_shipout_box 
                                                  \__shipout_drop_firstpage_...
l.475 \end{itemize}
                    <../analysis_v2/aggregated/maniskill_LiftCube-v0/r2_evoluti
on.png>]
Overfull \hbox (4.66411pt too wide) in paragraph at lines 549--560
 [] 
 []

<../analysis_v2/aggregated/maniskill_LiftCube-v0/cca_timeline.png, id=138, 499.
1448pt x 351.2322pt>
File: ../analysis_v2/aggregated/maniskill_LiftCube-v0/cca_timeline.png Graphic 
file (type png)
<use ../analysis_v2/aggregated/maniskill_LiftCube-v0/cca_timeline.png>
Package pdftex.def Info: ../analysis_v2/aggregated/maniskill_LiftCube-v0/cca_ti
meline.png  used on input line 582.
(pdftex.def)             Requested size: 234.8775pt x 165.2721pt.

Underfull \hbox (badness 10000) in paragraph at lines 585--585
[][][]\OT1/ptm/m/n/9 (+20) Cross-agent CCA over 20 snap-shot steps on
 []

[5pdfTeX warning (ext4): destination with the same identifier (name{figure.5}) 
has been already used, duplicate ignored
<argument> ...shipout:D \box_use:N \l_shipout_box 
                                                  \__shipout_drop_firstpage_...
l.607 
      pdfTeX warning (ext4): destination with the same identifier (name{table.5
}) has been already used, duplicate ignored
<argument> ...shipout:D \box_use:N \l_shipout_box 
                                                  \__shipout_drop_firstpage_...
l.607 
      pdfTeX warning (ext4): destination with the same identifier (name{table.6
}) has been already used, duplicate ignored
<argument> ...shipout:D \box_use:N \l_shipout_box 
                                                  \__shipout_drop_firstpage_...
l.607 
       <../analysis_v2/aggregated/maniskill_LiftCube-v0/geometry_evolution.png>
]
LaTeX Info: Symbol \textrightarrow not provided by
            font family ptm in TS1 encoding.
            Default family used instead on input line 621.
LaTeX Info: Symbol \textrightarrow not provided by
            font family ptm in TS1 encoding.
            Default family used instead on input line 622.

Underfull \vbox (badness 2913) has occurred while \output is active []


Underfull \hbox (badness 1521) in paragraph at lines 645--649
[]\OT1/ptm/m/n/10 (+20) To sit-u-ate the two world-model rep-re-sen-ta-tions in
 a
 []


Underfull \hbox (badness 1194) in paragraph at lines 645--649
\OT1/ptm/m/n/10 (+20) broader con-text, SmolVLA ([][]Ca-dene et al.[][], [][]20
25[][])|a
 []


Overfull \hbox (47.85666pt too wide) in paragraph at lines 673--682
 [][] 
 []

[6pdfTeX warning (ext4): destination with the same identifier (name{figure.6}) 
has been already used, duplicate ignored
<argument> ...shipout:D \box_use:N \l_shipout_box 
                                                  \__shipout_drop_firstpage_...
l.696 \textbf{Latent geometry.}
                               pdfTeX warning (ext4): destination with the same
 identifier (name{table.7}) has been already used, duplicate ignored
<argument> ...shipout:D \box_use:N \l_shipout_box 
                                                  \__shipout_drop_firstpage_...
l.696 \textbf{Latent geometry.}
                                <../analysis_v2/aggregated/maniskill_LiftCube-v
0/cca_timeline.png>] (./paper.bbl)
<../analysis_v2/aggregated/dmc_cartpole_swingup/learning_curves.png, id=166, 50
2.0356pt x 351.2322pt>
File: ../analysis_v2/aggregated/dmc_cartpole_swingup/learning_curves.png Graphi
c file (type png)
<use ../analysis_v2/aggregated/dmc_cartpole_swingup/learning_curves.png>
Package pdftex.def Info: ../analysis_v2/aggregated/dmc_cartpole_swingup/learnin
g_curves.png  used on input line 738.
(pdftex.def)             Requested size: 234.8775pt x 164.32349pt.


LaTeX Warning: `h' float specifier changed to `ht'.

<../analysis_v2/aggregated/dmc_walker_walk/learning_curves.png, id=167, 508.299
pt x 351.2322pt>
File: ../analysis_v2/aggregated/dmc_walker_walk/learning_curves.png Graphic fil
e (type png)
<use ../analysis_v2/aggregated/dmc_walker_walk/learning_curves.png>
Package pdftex.def Info: ../analysis_v2/aggregated/dmc_walker_walk/learning_cur
ves.png  used on input line 750.
(pdftex.def)             Requested size: 234.8775pt x 162.29764pt.

LaTeX Warning: `h' float specifier changed to `ht'.

<../analysis_v2/aggregated/dmc_cartpole_swingup/kl_utilization.png, id=168, 856
.6404pt x 356.532pt>
File: ../analysis_v2/aggregated/dmc_cartpole_swingup/kl_utilization.png Graphic
 file (type png)
<use ../analysis_v2/aggregated/dmc_cartpole_swingup/kl_utilization.png>
Package pdftex.def Info: ../analysis_v2/aggregated/dmc_cartpole_swingup/kl_util
ization.png  used on input line 762.
(pdftex.def)             Requested size: 234.8775pt x 97.75554pt.

LaTeX Warning: `h' float specifier changed to `ht'.

<../analysis_v2/aggregated/dmc_walker_walk/kl_utilization.png, id=169, 856.6404
pt x 356.532pt>
File: ../analysis_v2/aggregated/dmc_walker_walk/kl_utilization.png Graphic file
 (type png)
<use ../analysis_v2/aggregated/dmc_walker_walk/kl_utilization.png>
Package pdftex.def Info: ../analysis_v2/aggregated/dmc_walker_walk/kl_utilizati
on.png  used on input line 774.
(pdftex.def)             Requested size: 234.8775pt x 97.75554pt.

LaTeX Warning: `h' float specifier changed to `ht'.

<../analysis_v2/aggregated/maniskill_LiftCube-v0/planner_health.png, id=170, 85
7.604pt x 356.532pt>
File: ../analysis_v2/aggregated/maniskill_LiftCube-v0/planner_health.png Graphi
c file (type png)
<use ../analysis_v2/aggregated/maniskill_LiftCube-v0/planner_health.png>
Package pdftex.def Info: ../analysis_v2/aggregated/maniskill_LiftCube-v0/planne
r_health.png  used on input line 786.
(pdftex.def)             Requested size: 234.8775pt x 97.6413pt.

LaTeX Warning: `h' float specifier changed to `ht'.

<../figures_v2/sample_efficiency.png, id=171, 1067.187pt x 352.1958pt>
File: ../figures_v2/sample_efficiency.png Graphic file (type png)
<use ../figures_v2/sample_efficiency.png>
Package pdftex.def Info: ../figures_v2/sample_efficiency.png  used on input lin
e 801.
(pdftex.def)             Requested size: 234.8775pt x 77.51555pt.

LaTeX Warning: `h' float specifier changed to `ht'.

<../analysis_v2/aggregated/dmc_cartpole_swingup/geometry_evolution.png, id=172,
 927.9468pt x 356.532pt>
File: ../analysis_v2/aggregated/dmc_cartpole_swingup/geometry_evolution.png Gra
phic file (type png)
<use ../analysis_v2/aggregated/dmc_cartpole_swingup/geometry_evolution.png>
Package pdftex.def Info: ../analysis_v2/aggregated/dmc_cartpole_swingup/geometr
y_evolution.png  used on input line 813.
(pdftex.def)             Requested size: 234.8775pt x 90.24258pt.

Underfull \hbox (badness 2173) in paragraph at lines 816--816
[][][]\OT1/ptm/m/n/9 (+20) Geometry evo-lu-tion on \OT1/pcr/m/n/9 cartpole[]swi
ngup \OT1/ptm/m/n/9 (+20) (3
 []


LaTeX Warning: `h' float specifier changed to `ht'.

<../analysis_v2/aggregated/dmc_walker_walk/geometry_evolution.png, id=173, 927.
9468pt x 356.532pt>
File: ../analysis_v2/aggregated/dmc_walker_walk/geometry_evolution.png Graphic 
file (type png)
<use ../analysis_v2/aggregated/dmc_walker_walk/geometry_evolution.png>
Package pdftex.def Info: ../analysis_v2/aggregated/dmc_walker_walk/geometry_evo
lution.png  used on input line 825.
(pdftex.def)             Requested size: 234.8775pt x 90.24258pt.

LaTeX Warning: `h' float specifier changed to `ht'.

[7] [8pdfTeX warning (ext4): destination with the same identifier (name{figure.
7}) has been already used, duplicate ignored
<argument> ...shipout:D \box_use:N \l_shipout_box 
                                                  \__shipout_drop_firstpage_...
l.834 \end{document}
                    pdfTeX warning (ext4): destination with the same identifier
 (name{figure.8}) has been already used, duplicate ignored
<argument> ...shipout:D \box_use:N \l_shipout_box 
                                                  \__shipout_drop_firstpage_...
l.834 \end{document}
                    pdfTeX warning (ext4): destination with the same identifier
 (name{figure.9}) has been already used, duplicate ignored
<argument> ...shipout:D \box_use:N \l_shipout_box 
                                                  \__shipout_drop_firstpage_...
l.834 \end{document}
                    pdfTeX warning (ext4): destination with the same identifier
 (name{figure.10}) has been already used, duplicate ignored
<argument> ...shipout:D \box_use:N \l_shipout_box 
                                                  \__shipout_drop_firstpage_...
l.834 \end{document}
                    pdfTeX warning (ext4): destination with the same identifier
 (name{figure.11}) has been already used, duplicate ignored
<argument> ...shipout:D \box_use:N \l_shipout_box 
                                                  \__shipout_drop_firstpage_...
l.834 \end{document}
                    pdfTeX warning (ext4): destination with the same identifier
 (name{figure.12}) has been already used, duplicate ignored
<argument> ...shipout:D \box_use:N \l_shipout_box 
                                                  \__shipout_drop_firstpage_...
l.834 \end{document}
                     <../analysis_v2/aggregated/dmc_cartpole_swingup/learning_c
urves.png> <../analysis_v2/aggregated/dmc_walker_walk/learning_curves.png> <../
analysis_v2/aggregated/dmc_cartpole_swingup/kl_utilization.png> <../analysis_v2
/aggregated/dmc_walker_walk/kl_utilization.png> <../analysis_v2/aggregated/mani
skill_LiftCube-v0/planner_health.png> <../figures_v2/sample_efficiency.png>]
[9pdfTeX warning (ext4): destination with the same identifier (name{figure.13})
 has been already used, duplicate ignored
<argument> ...shipout:D \box_use:N \l_shipout_box 
                                                  \__shipout_drop_firstpage_...
l.834 \end{document}
                    pdfTeX warning (ext4): destination with the same identifier
 (name{figure.14}) has been already used, duplicate ignored
<argument> ...shipout:D \box_use:N \l_shipout_box 
                                                  \__shipout_drop_firstpage_...
l.834 \end{document}
                    

 <../analysis_v2/aggregated/dmc_cartpole_swingup/geometry_evolution.png> <../an
alysis_v2/aggregated/dmc_walker_walk/geometry_evolution.png>] (./paper.aux)

LaTeX Warning: Label(s) may have changed. Rerun to get cross-references right.

Package rerunfilecheck Info: File `paper.out' has not changed.
(rerunfilecheck)             Checksum: D41D8CD98F00B204E9800998ECF8427E;0.
 ) 
Here is how much of TeX's memory you used:
 14906 strings out of 480247
 239636 string characters out of 5896151
 578082 words of memory out of 5000000
 32206 multiletter control sequences out of 15000+600000
 510214 words of font info for 283 fonts, out of 8000000 for 9000
 14 hyphenation exceptions out of 8191
 60i,12n,69p,1002b,475s stack positions out of 5000i,500n,10000p,200000b,80000s
 </home/chikibriki/.texlive2021/texmf-var/fonts/pk/ljfour/jknappen/ec/tcrm100
0.600pk>{/usr/share/texlive/texmf-dist/fonts/enc/dvips/base/8r.enc}</usr/share/
texlive/texmf-dist/fonts/type1/public/amsfonts/cm/cmex10.pfb></usr/share/texliv
e/texmf-dist/fonts/type1/public/amsfonts/cmextra/cmex9.pfb></usr/share/texlive/
texmf-dist/fonts/type1/public/amsfonts/cm/cmmi10.pfb></usr/share/texlive/texmf-
dist/fonts/type1/public/amsfonts/cm/cmmi6.pfb></usr/share/texlive/texmf-dist/fo
nts/type1/public/amsfonts/cm/cmmi7.pfb></usr/share/texlive/texmf-dist/fonts/typ
e1/public/amsfonts/cm/cmmi9.pfb></usr/share/texlive/texmf-dist/fonts/type1/publ
ic/amsfonts/cm/cmr10.pfb></usr/share/texlive/texmf-dist/fonts/type1/public/amsf
onts/cm/cmr6.pfb></usr/share/texlive/texmf-dist/fonts/type1/public/amsfonts/cm/
cmr7.pfb></usr/share/texlive/texmf-dist/fonts/type1/public/amsfonts/cm/cmr9.pfb
></usr/share/texlive/texmf-dist/fonts/type1/public/amsfonts/cm/cmsy10.pfb></usr
/share/texlive/texmf-dist/fonts/type1/public/amsfonts/cm/cmsy7.pfb></usr/share/
texlive/texmf-dist/fonts/type1/public/amsfonts/cm/cmsy9.pfb></usr/share/texlive
/texmf-dist/fonts/type1/public/amsfonts/symbols/msbm10.pfb></usr/share/texlive/
texmf-dist/fonts/type1/urw/courier/ucrr8a.pfb></usr/share/texlive/texmf-dist/fo
nts/type1/urw/times/utmb8a.pfb></usr/share/texlive/texmf-dist/fonts/type1/urw/t
imes/utmr8a.pfb></usr/share/texlive/texmf-dist/fonts/type1/urw/times/utmr8a.pfb
></usr/share/texlive/texmf-dist/fonts/type1/urw/times/utmri8a.pfb>
Output written on paper.pdf (9 pages, 1858151 bytes).
PDF statistics:
 304 PDF objects out of 1000 (max. 8388607)
 222 compressed objects within 3 object streams
 66 named destinations out of 1000 (max. 500000)
 63559 words of extra memory for PDF output out of 74296 (max. 10000000)

